// Jest Snapshot v1, https://goo.gl/fbAQLP

exports[`matches snapshot 1`] = `
<DocumentFragment>
  <div
    style="margin-bottom: 20px; padding: 20px; border: 1px solid #ccc; border-radius: 5px;"
  >
    <h3>
      Add a New Box
    </h3>
    <form>
      <div
        style="margin-bottom: 10px;"
      >
        <label
          for="height"
        >
          Height: 
        </label>
        <input
          id="height"
          name="height"
          placeholder="e.g., 5"
          style="margin-left: 5px; padding: 5px;"
          type="text"
          value=""
        />
      </div>
      <div
        style="margin-bottom: 10px;"
      >
        <label
          for="width"
        >
          Width: 
        </label>
        <input
          id="width"
          name="width"
          placeholder="e.g., 5"
          style="margin-left: 5px; padding: 5px;"
          type="text"
          value=""
        />
      </div>
      <div
        style="margin-bottom: 10px;"
      >
        <label
          for="backgroundColor"
        >
          Background Color: 
        </label>
        <input
          id="backgroundColor"
          name="backgroundColor"
          placeholder="e.g., red"
          style="margin-left: 5px; padding: 5px;"
          type="text"
          value=""
        />
      </div>
      <button
        style="padding: 8px 16px; background-color: rgb(0, 123, 255); color: white; border-radius: 3px; cursor: pointer;"
        type="submit"
      >
        Add a new box!
      </button>
    </form>
  </div>
</DocumentFragment>
`;
